<testsuites id="" name="" tests="15" failures="0" skipped="0" errors="0" time="11.808641">
<testsuite name="auth.spec.ts" timestamp="2026-01-08T06:55:42.243Z" hostname="chromium" tests="3" failures="0" skipped="0" time="4.573" errors="0">
<testcase name="Epic 2: Authentication &amp; Profile › should register a new customer successfully @p0 @auth" classname="auth.spec.ts" time="1.856">
</testcase>
<testcase name="Epic 2: Authentication &amp; Profile › should persist login session across reloads @p0 @auth" classname="auth.spec.ts" time="1.394">
</testcase>
<testcase name="Epic 2: Authentication &amp; Profile › should logout successfully @p1 @auth" classname="auth.spec.ts" time="1.323">
</testcase>
</testsuite>
<testsuite name="auth.spec.ts" timestamp="2026-01-08T06:55:42.243Z" hostname="firefox" tests="3" failures="0" skipped="0" time="13.63" errors="0">
<testcase name="Epic 2: Authentication &amp; Profile › should register a new customer successfully @p0 @auth" classname="auth.spec.ts" time="3.69">
</testcase>
<testcase name="Epic 2: Authentication &amp; Profile › should persist login session across reloads @p0 @auth" classname="auth.spec.ts" time="5.165">
</testcase>
<testcase name="Epic 2: Authentication &amp; Profile › should logout successfully @p1 @auth" classname="auth.spec.ts" time="4.775">
</testcase>
</testsuite>
<testsuite name="auth.spec.ts" timestamp="2026-01-08T06:55:42.243Z" hostname="webkit" tests="3" failures="0" skipped="0" time="6.671" errors="0">
<testcase name="Epic 2: Authentication &amp; Profile › should register a new customer successfully @p0 @auth" classname="auth.spec.ts" time="2.318">
</testcase>
<testcase name="Epic 2: Authentication &amp; Profile › should persist login session across reloads @p0 @auth" classname="auth.spec.ts" time="2.526">
</testcase>
<testcase name="Epic 2: Authentication &amp; Profile › should logout successfully @p1 @auth" classname="auth.spec.ts" time="1.827">
</testcase>
</testsuite>
<testsuite name="auth.spec.ts" timestamp="2026-01-08T06:55:42.243Z" hostname="Mobile Chrome" tests="3" failures="0" skipped="0" time="4.423" errors="0">
<testcase name="Epic 2: Authentication &amp; Profile › should register a new customer successfully @p0 @auth" classname="auth.spec.ts" time="1.963">
</testcase>
<testcase name="Epic 2: Authentication &amp; Profile › should persist login session across reloads @p0 @auth" classname="auth.spec.ts" time="1.149">
</testcase>
<testcase name="Epic 2: Authentication &amp; Profile › should logout successfully @p1 @auth" classname="auth.spec.ts" time="1.311">
</testcase>
</testsuite>
<testsuite name="auth.spec.ts" timestamp="2026-01-08T06:55:42.243Z" hostname="Mobile Safari" tests="3" failures="0" skipped="0" time="5.693" errors="0">
<testcase name="Epic 2: Authentication &amp; Profile › should register a new customer successfully @p0 @auth" classname="auth.spec.ts" time="2.253">
</testcase>
<testcase name="Epic 2: Authentication &amp; Profile › should persist login session across reloads @p0 @auth" classname="auth.spec.ts" time="1.609">
</testcase>
<testcase name="Epic 2: Authentication &amp; Profile › should logout successfully @p1 @auth" classname="auth.spec.ts" time="1.831">
</testcase>
</testsuite>
</testsuites>